// Jest Snapshot v1, https://goo.gl/fbAQLP

exports[`SearchBar Component should render without throwing an error 1`] = `
ShallowWrapper {
  "length": 1,
  Symbol(enzyme.__root__): [Circular],
  Symbol(enzyme.__unrendered__): <SearchBar />,
  Symbol(enzyme.__renderer__): Object {
    "batchedUpdates": [Function],
    "getNode": [Function],
    "render": [Function],
    "simulateEvent": [Function],
    "unmount": [Function],
  },
  Symbol(enzyme.__node__): Object {
    "instance": null,
    "key": undefined,
    "nodeType": "class",
    "props": Object {
      "children": <WithStyles(FormGroup)>
        <TextField
          fullWidth={true}
          id="search-input"
          label="Search"
          margin="normal"
          onChange={[Function]}
          required={false}
          select={false}
          value=""
        />
      </WithStyles(FormGroup)>,
      "className": "css-dk14do",
      "component": "form",
      "id": "search-form",
      "onReset": [Function],
      "onSubmit": [Function],
    },
    "ref": null,
    "rendered": Object {
      "instance": null,
      "key": undefined,
      "nodeType": "class",
      "props": Object {
        "children": <TextField
          fullWidth={true}
          id="search-input"
          label="Search"
          margin="normal"
          onChange={[Function]}
          required={false}
          select={false}
          value=""
        />,
      },
      "ref": null,
      "rendered": Object {
        "instance": null,
        "key": undefined,
        "nodeType": "function",
        "props": Object {
          "fullWidth": true,
          "id": "search-input",
          "label": "Search",
          "margin": "normal",
          "onChange": [Function],
          "required": false,
          "select": false,
          "value": "",
        },
        "ref": null,
        "rendered": null,
        "type": [Function],
      },
      "type": [Function],
    },
    "type": [Function],
  },
  Symbol(enzyme.__nodes__): Array [
    Object {
      "instance": null,
      "key": undefined,
      "nodeType": "class",
      "props": Object {
        "children": <WithStyles(FormGroup)>
          <TextField
            fullWidth={true}
            id="search-input"
            label="Search"
            margin="normal"
            onChange={[Function]}
            required={false}
            select={false}
            value=""
          />
        </WithStyles(FormGroup)>,
        "className": "css-dk14do",
        "component": "form",
        "id": "search-form",
        "onReset": [Function],
        "onSubmit": [Function],
      },
      "ref": null,
      "rendered": Object {
        "instance": null,
        "key": undefined,
        "nodeType": "class",
        "props": Object {
          "children": <TextField
            fullWidth={true}
            id="search-input"
            label="Search"
            margin="normal"
            onChange={[Function]}
            required={false}
            select={false}
            value=""
          />,
        },
        "ref": null,
        "rendered": Object {
          "instance": null,
          "key": undefined,
          "nodeType": "function",
          "props": Object {
            "fullWidth": true,
            "id": "search-input",
            "label": "Search",
            "margin": "normal",
            "onChange": [Function],
            "required": false,
            "select": false,
            "value": "",
          },
          "ref": null,
          "rendered": null,
          "type": [Function],
        },
        "type": [Function],
      },
      "type": [Function],
    },
  ],
  Symbol(enzyme.__options__): Object {
    "adapter": ReactFifteenAdapter {
      "options": Object {
        "supportPrevContextArgumentOfComponentDidUpdate": true,
      },
    },
  },
}
`;
