// Jest Snapshot v1, https://goo.gl/fbAQLP

exports[`UserForm Component should render without throwing an error 1`] = `
ShallowWrapper {
  "length": 1,
  Symbol(enzyme.__root__): [Circular],
  Symbol(enzyme.__unrendered__): <UserForm />,
  Symbol(enzyme.__renderer__): Object {
    "batchedUpdates": [Function],
    "getNode": [Function],
    "render": [Function],
    "simulateEvent": [Function],
    "unmount": [Function],
  },
  Symbol(enzyme.__node__): Object {
    "instance": null,
    "key": undefined,
    "nodeType": "host",
    "props": Object {
      "children": Array [
        <Field
          className="css-1ose7zb"
          component={[Function]}
          label="First Name"
          name="firstname"
          validate={
            Array [
              [Function],
            ]
          }
        />,
        <Field
          className="css-r6z50o"
          component={[Function]}
          label="Last Name"
          name="lastname"
          validate={
            Array [
              [Function],
            ]
          }
        />,
        <Field
          className="css-10nkwyu"
          component={[Function]}
          fullWidth={true}
          label="Allegiances"
          name="allegiances"
          validate={
            Array [
              [Function],
            ]
          }
        />,
      ],
      "className": "css-ak0z00",
      "id": "user-form",
    },
    "ref": null,
    "rendered": Array [
      Object {
        "instance": null,
        "key": undefined,
        "nodeType": "class",
        "props": Object {
          "className": "css-1ose7zb",
          "component": [Function],
          "label": "First Name",
          "name": "firstname",
          "validate": Array [
            [Function],
          ],
        },
        "ref": null,
        "rendered": null,
        "type": [Function],
      },
      Object {
        "instance": null,
        "key": undefined,
        "nodeType": "class",
        "props": Object {
          "className": "css-r6z50o",
          "component": [Function],
          "label": "Last Name",
          "name": "lastname",
          "validate": Array [
            [Function],
          ],
        },
        "ref": null,
        "rendered": null,
        "type": [Function],
      },
      Object {
        "instance": null,
        "key": undefined,
        "nodeType": "class",
        "props": Object {
          "className": "css-10nkwyu",
          "component": [Function],
          "fullWidth": true,
          "label": "Allegiances",
          "name": "allegiances",
          "validate": Array [
            [Function],
          ],
        },
        "ref": null,
        "rendered": null,
        "type": [Function],
      },
    ],
    "type": "div",
  },
  Symbol(enzyme.__nodes__): Array [
    Object {
      "instance": null,
      "key": undefined,
      "nodeType": "host",
      "props": Object {
        "children": Array [
          <Field
            className="css-1ose7zb"
            component={[Function]}
            label="First Name"
            name="firstname"
            validate={
              Array [
                [Function],
              ]
            }
          />,
          <Field
            className="css-r6z50o"
            component={[Function]}
            label="Last Name"
            name="lastname"
            validate={
              Array [
                [Function],
              ]
            }
          />,
          <Field
            className="css-10nkwyu"
            component={[Function]}
            fullWidth={true}
            label="Allegiances"
            name="allegiances"
            validate={
              Array [
                [Function],
              ]
            }
          />,
        ],
        "className": "css-ak0z00",
        "id": "user-form",
      },
      "ref": null,
      "rendered": Array [
        Object {
          "instance": null,
          "key": undefined,
          "nodeType": "class",
          "props": Object {
            "className": "css-1ose7zb",
            "component": [Function],
            "label": "First Name",
            "name": "firstname",
            "validate": Array [
              [Function],
            ],
          },
          "ref": null,
          "rendered": null,
          "type": [Function],
        },
        Object {
          "instance": null,
          "key": undefined,
          "nodeType": "class",
          "props": Object {
            "className": "css-r6z50o",
            "component": [Function],
            "label": "Last Name",
            "name": "lastname",
            "validate": Array [
              [Function],
            ],
          },
          "ref": null,
          "rendered": null,
          "type": [Function],
        },
        Object {
          "instance": null,
          "key": undefined,
          "nodeType": "class",
          "props": Object {
            "className": "css-10nkwyu",
            "component": [Function],
            "fullWidth": true,
            "label": "Allegiances",
            "name": "allegiances",
            "validate": Array [
              [Function],
            ],
          },
          "ref": null,
          "rendered": null,
          "type": [Function],
        },
      ],
      "type": "div",
    },
  ],
  Symbol(enzyme.__options__): Object {
    "adapter": ReactFifteenAdapter {
      "options": Object {
        "supportPrevContextArgumentOfComponentDidUpdate": true,
      },
    },
  },
}
`;
